// Jest Snapshot v1, https://goo.gl/fbAQLP

exports[`tabletDevices matches snapshot 1`] = `
Array [
  Object {
    "isTablet": true,
    "keyboardDimensions": Object {
      "landscape": Object {
        "docked": 408,
        "minimized": 55,
        "split": 271,
      },
      "portrait": Object {
        "docked": 320,
        "minimized": 55,
        "split": 271,
      },
    },
    "model": "iPad Air",
    "screenDimensions": Set {
      1024,
      768,
    },
  },
  Object {
    "isTablet": true,
    "keyboardDimensions": Object {
      "landscape": Object {
        "docked": 408,
        "minimized": 55,
        "split": 271,
      },
      "portrait": Object {
        "docked": 320,
        "minimized": 55,
        "split": 271,
      },
    },
    "model": "iPad Pro (10.5-inch)",
    "screenDimensions": Set {
      1112,
      834,
    },
  },
  Object {
    "isTablet": true,
    "keyboardDimensions": Object {
      "landscape": Object {
        "docked": 428,
        "minimized": 69,
      },
      "portrait": Object {
        "docked": 340,
        "minimized": 69,
      },
    },
    "model": "iPad Pro (11-inch)",
    "screenDimensions": Set {
      1194,
      834,
    },
  },
  Object {
    "isTablet": true,
    "keyboardDimensions": Object {
      "landscape": Object {
        "docked": 478,
        "minimized": 55,
      },
      "portrait": Object {
        "docked": 383,
        "minimized": 55,
      },
    },
    "model": "iPad Pro (12.9-inch)",
    "screenDimensions": Set {
      1366,
      1024,
    },
  },
]
`;
